// Jest Snapshot v1, https://goo.gl/fbAQLP

exports[`<App /> renders 1`] = `
<div
  className={undefined}
>
  <div
    className={undefined}
  >
    <img
      alt="Logo"
      role="presentation"
      src="IMAGE_MOCK"
    />
    <h1>
      React Cool Starter
    </h1>
  </div>
  <hr />
  <div
    className={undefined}
  >
    <p>
      Loading...
    </p>
  </div>
</div>
`;
